Running build hooks...Running build hooks...=== TEST 1: AniList externalLinks ===
Status: 404
Title: null

=== TEST 2: AniList One Piece (id:100517) ===
Status: 404
Title: null
MAL ID: null

=== TEST 3: MangaDex search "Berserk" ===
Status: 200
Found: 801513ba-a712-498c-8f57-cae55b38cc92
Title: {ja-ro: Berserk}

=== TEST 4: MangaDex Berserk chapters (count only) ===
Status: 200
Total chapters: 419

=== TEST 5: WeebCentral search "one piece" ===
Status: 200
First series URL: null
